2026/06/03 13:21:43 [emerg] 1#1: invalid port in upstream "profile-service:${PROFILE_PORT}" in /etc/nginx/conf.d/default.conf:6
2026/06/03 13:21:44 [emerg] 1#1: invalid port in upstream "profile-service:${PROFILE_PORT}" in /etc/nginx/conf.d/default.conf:6
2026/06/03 13:21:45 [emerg] 1#1: invalid port in upstream "profile-service:${PROFILE_PORT}" in /etc/nginx/conf.d/default.conf:6
2026/06/03 13:21:46 [emerg] 1#1: invalid port in upstream "profile-service:${PROFILE_PORT}" in /etc/nginx/conf.d/default.conf:6
2026/06/03 13:21:47 [emerg] 1#1: invalid port in upstream "profile-service:${PROFILE_PORT}" in /etc/nginx/conf.d/default.conf:6
2026/06/03 13:21:49 [emerg] 1#1: invalid port in upstream "profile-service:${PROFILE_PORT}" in /etc/nginx/conf.d/default.conf:6
2026/06/03 13:21:53 [emerg] 1#1: invalid port in upstream "profile-service:${PROFILE_PORT}" in /etc/nginx/conf.d/default.conf:6
2026/06/03 13:21:59 [emerg] 1#1: invalid port in upstream "profile-service:${PROFILE_PORT}" in /etc/nginx/conf.d/default.conf:6
2026/06/03 13:22:47 [notice] 1#1: using the "epoll" event method
2026/06/03 13:22:47 [notice] 1#1: nginx/1.25.5
2026/06/03 13:22:47 [notice] 1#1: built by gcc 13.2.1 20231014 (Alpine 13.2.1_git20231014) 
2026/06/03 13:22:47 [notice] 1#1: OS: Linux 6.8.0-117-generic
2026/06/03 13:22:47 [notice] 1#1: getrlimit(RLIMIT_NOFILE): 1024:524288
2026/06/03 13:22:47 [notice] 1#1: start worker processes
2026/06/03 13:22:47 [notice] 1#1: start worker process 29
2026/06/03 13:22:47 [notice] 1#1: start worker process 30
2026/06/03 13:22:47 [notice] 1#1: start worker process 31
2026/06/03 13:22:47 [notice] 1#1: start worker process 32
2026/06/03 13:22:47 [notice] 1#1: start worker process 33
2026/06/03 13:22:47 [notice] 1#1: start worker process 34
2026/06/03 13:22:47 [notice] 1#1: start worker process 35
2026/06/03 13:22:47 [notice] 1#1: start worker process 36
2026/06/03 13:22:47 [notice] 1#1: start worker process 37
2026/06/03 13:22:47 [notice] 1#1: start worker process 38
2026/06/03 13:22:47 [notice] 1#1: start worker process 39
2026/06/03 13:22:47 [notice] 1#1: start worker process 40
2026/06/03 13:22:47 [notice] 1#1: start worker process 41
2026/06/03 13:22:47 [notice] 1#1: start worker process 42
2026/06/03 13:22:47 [notice] 1#1: start worker process 43
2026/06/03 13:22:47 [notice] 1#1: start worker process 44
2026/06/03 13:22:47 [notice] 1#1: start worker process 45
2026/06/03 13:22:47 [notice] 1#1: start worker process 46
2026/06/03 13:22:47 [notice] 1#1: start worker process 47
2026/06/03 13:22:47 [notice] 1#1: start worker process 48
2026/06/03 13:23:51 [info] 29#29: *1 epoll_wait() reported that client prematurely closed connection, so upstream connection is closed too while connecting to upstream, client: 172.20.0.1, server: _, request: "GET / HTTP/1.1", upstream: "http://172.20.0.4:80/", host: "localhost"
2026/06/03 13:24:19 [warn] 30#30: *3 an upstream response is buffered to a temporary file /var/cache/nginx/proxy_temp/1/00/0000000001 while reading upstream, client: 172.20.0.1, server: _, request: "GET /assets/index-CoZVvvXU.js HTTP/1.1", upstream: "http://172.20.0.4:80/assets/index-CoZVvvXU.js", host: "localhost", referrer: "http://localhost/"
2026/06/03 13:24:28 [notice] 1#1: signal 3 (SIGQUIT) received, shutting down
2026/06/03 13:24:28 [notice] 29#29: gracefully shutting down
2026/06/03 13:24:28 [notice] 32#32: gracefully shutting down
2026/06/03 13:24:28 [notice] 33#33: gracefully shutting down
2026/06/03 13:24:28 [notice] 34#34: gracefully shutting down
2026/06/03 13:24:28 [notice] 33#33: exiting
2026/06/03 13:24:28 [notice] 34#34: exiting
2026/06/03 13:24:28 [notice] 38#38: gracefully shutting down
2026/06/03 13:24:28 [notice] 32#32: exiting
2026/06/03 13:24:28 [notice] 38#38: exiting
2026/06/03 13:24:28 [notice] 34#34: exit
2026/06/03 13:24:28 [notice] 33#33: exit
2026/06/03 13:24:28 [notice] 32#32: exit
2026/06/03 13:24:28 [notice] 38#38: exit
2026/06/03 13:24:28 [notice] 35#35: gracefully shutting down
2026/06/03 13:24:28 [notice] 35#35: exiting
2026/06/03 13:24:28 [notice] 40#40: gracefully shutting down
2026/06/03 13:24:28 [notice] 46#46: gracefully shutting down
2026/06/03 13:24:28 [notice] 46#46: exiting
2026/06/03 13:24:28 [notice] 44#44: gracefully shutting down
2026/06/03 13:24:28 [notice] 39#39: gracefully shutting down
2026/06/03 13:24:28 [notice] 39#39: exiting
2026/06/03 13:24:28 [notice] 46#46: exit
2026/06/03 13:24:28 [notice] 39#39: exit
2026/06/03 13:24:28 [notice] 37#37: gracefully shutting down
2026/06/03 13:24:28 [notice] 37#37: exiting
2026/06/03 13:24:28 [notice] 36#36: gracefully shutting down
2026/06/03 13:24:28 [notice] 36#36: exiting
2026/06/03 13:24:28 [notice] 37#37: exit
2026/06/03 13:24:28 [notice] 42#42: gracefully shutting down
2026/06/03 13:24:28 [notice] 42#42: exiting
2026/06/03 13:24:28 [notice] 44#44: exiting
2026/06/03 13:24:28 [notice] 42#42: exit
2026/06/03 13:24:28 [notice] 44#44: exit
2026/06/03 13:24:28 [notice] 48#48: gracefully shutting down
2026/06/03 13:24:28 [notice] 48#48: exiting
2026/06/03 13:24:28 [notice] 48#48: exit
2026/06/03 13:24:28 [notice] 41#41: gracefully shutting down
2026/06/03 13:24:28 [notice] 45#45: gracefully shutting down
2026/06/03 13:24:28 [notice] 41#41: exiting
2026/06/03 13:24:28 [notice] 45#45: exiting
2026/06/03 13:24:28 [notice] 41#41: exit
2026/06/03 13:24:28 [notice] 45#45: exit
2026/06/03 13:24:28 [notice] 43#43: gracefully shutting down
2026/06/03 13:24:28 [notice] 29#29: exiting
2026/06/03 13:24:28 [notice] 29#29: exit
2026/06/03 13:24:28 [notice] 47#47: gracefully shutting down
2026/06/03 13:24:28 [notice] 30#30: gracefully shutting down
2026/06/03 13:24:28 [notice] 47#47: exiting
2026/06/03 13:24:28 [notice] 30#30: exiting
2026/06/03 13:24:28 [notice] 40#40: exiting
2026/06/03 13:24:28 [notice] 35#35: exit
2026/06/03 13:24:28 [notice] 31#31: gracefully shutting down
2026/06/03 13:24:28 [notice] 31#31: exiting
2026/06/03 13:24:28 [notice] 30#30: exit
2026/06/03 13:24:28 [notice] 31#31: exit
2026/06/03 13:24:28 [notice] 36#36: exit
2026/06/03 13:24:28 [notice] 47#47: exit
2026/06/03 13:24:28 [notice] 43#43: exiting
2026/06/03 13:24:28 [notice] 43#43: exit
2026/06/03 13:24:28 [notice] 40#40: exit
2026/06/03 13:24:28 [notice] 1#1: signal 17 (SIGCHLD) received from 29
2026/06/03 13:24:28 [notice] 1#1: worker process 29 exited with code 0
2026/06/03 13:24:28 [notice] 1#1: worker process 33 exited with code 0
2026/06/03 13:24:28 [notice] 1#1: worker process 43 exited with code 0
2026/06/03 13:24:28 [notice] 1#1: worker process 46 exited with code 0
2026/06/03 13:24:29 [notice] 1#1: signal 29 (SIGIO) received
2026/06/03 13:24:29 [notice] 1#1: signal 17 (SIGCHLD) received from 39
2026/06/03 13:24:29 [notice] 1#1: worker process 39 exited with code 0
2026/06/03 13:24:29 [notice] 1#1: worker process 44 exited with code 0
2026/06/03 13:24:29 [notice] 1#1: worker process 48 exited with code 0
2026/06/03 13:24:29 [notice] 1#1: signal 29 (SIGIO) received
2026/06/03 13:24:29 [notice] 1#1: signal 17 (SIGCHLD) received from 44
2026/06/03 13:24:29 [notice] 1#1: signal 17 (SIGCHLD) received from 45
2026/06/03 13:24:29 [notice] 1#1: worker process 30 exited with code 0
2026/06/03 13:24:29 [notice] 1#1: worker process 38 exited with code 0
2026/06/03 13:24:29 [notice] 1#1: worker process 34 exited with code 0
2026/06/03 13:24:29 [notice] 1#1: worker process 45 exited with code 0
2026/06/03 13:24:29 [notice] 1#1: worker process 47 exited with code 0
2026/06/03 13:24:29 [notice] 1#1: signal 29 (SIGIO) received
2026/06/03 13:24:29 [notice] 1#1: signal 17 (SIGCHLD) received from 30
2026/06/03 13:24:29 [notice] 1#1: signal 17 (SIGCHLD) received from 35
2026/06/03 13:24:29 [notice] 1#1: worker process 35 exited with code 0
2026/06/03 13:24:29 [notice] 1#1: worker process 40 exited with code 0
2026/06/03 13:24:29 [notice] 1#1: signal 29 (SIGIO) received
2026/06/03 13:24:29 [notice] 1#1: signal 17 (SIGCHLD) received from 40
2026/06/03 13:24:29 [notice] 1#1: signal 17 (SIGCHLD) received from 37
2026/06/03 13:24:29 [notice] 1#1: worker process 37 exited with code 0
2026/06/03 13:24:29 [notice] 1#1: signal 29 (SIGIO) received
2026/06/03 13:24:29 [notice] 1#1: signal 17 (SIGCHLD) received from 41
2026/06/03 13:24:29 [notice] 1#1: worker process 41 exited with code 0
2026/06/03 13:24:29 [notice] 1#1: worker process 42 exited with code 0
2026/06/03 13:24:29 [notice] 1#1: worker process 32 exited with code 0
2026/06/03 13:24:29 [notice] 1#1: signal 29 (SIGIO) received
2026/06/03 13:24:29 [notice] 1#1: signal 17 (SIGCHLD) received from 42
2026/06/03 13:24:29 [notice] 1#1: worker process 36 exited with code 0
2026/06/03 13:24:29 [notice] 1#1: signal 29 (SIGIO) received
2026/06/03 13:24:29 [notice] 1#1: signal 17 (SIGCHLD) received from 31
2026/06/03 13:24:29 [notice] 1#1: worker process 31 exited with code 0
2026/06/03 13:24:29 [notice] 1#1: exit
